<?xml version="1.0"?>
<div>
  <?php (app(Spatie\BladeX\ContextStack::class)->push(['user' => $user])); ?>
  <?php $__env->startComponent(
           'components.userName',
           array_merge(app(Spatie\BladeX\ContextStack::class)->read(), [])); ?>
  <?php echo $__env->renderComponent(); ?>
  <?php (app(Spatie\BladeX\ContextStack::class)->pop()); ?>
</div>
