<?xml version="1.0"?>
<div>
  <?php $editLink = '<a href="https://example.com/admin/user/1">Edit</a>';
?>
  <?php $__env->startComponent(
           'components.card',
           array_merge(app(Spatie\BladeX\ContextStack::class)->read(), ['title' => 'User properties'])); ?>
  <?php echo $editLink; ?>
  <?php echo $__env->renderComponent(); ?>
</div>
