<?xml version="1.0"?>
<div>
  <?php $__env->startComponent(
           'components.card',
           array_merge(app(Spatie\BladeX\ContextStack::class)->read(), ['title' => 'Profile 1'])); ?>
  <form>
    <?php $__env->startComponent(
           'components.textField',
           array_merge(app(Spatie\BladeX\ContextStack::class)->read(), ['name' => 'name','label' => 'Name'])); ?>
    <?php echo $__env->renderComponent(); ?>
  </form>
  <?php echo $__env->renderComponent(); ?>
  <?php $__env->startComponent(
           'components.card',
           array_merge(app(Spatie\BladeX\ContextStack::class)->read(), ['title' => 'Profile 2'])); ?>
  <form>
    <?php $__env->startComponent(
           'components.textField',
           array_merge(app(Spatie\BladeX\ContextStack::class)->read(), ['name' => 'name','label' => 'Name'])); ?>
    <?php echo $__env->renderComponent(); ?>
  </form>
  <?php echo $__env->renderComponent(); ?>
</div>
