<?xml version="1.0"?>
<div>
  <?php $title = 'my title'
?>
  <?php $__env->startComponent(
           'components.card',
           array_merge(app(Spatie\BladeX\ContextStack::class)->read(), ['title' => str_after(ucfirst($title), 'My ')])); ?>
  <?php echo e($title); ?>
  <?php echo $__env->renderComponent(); ?>
</div>
