<?xml version="1.0"?>
<div>
  <div>
    This is the namespaced component</div>
</div>
